// Jest Snapshot v1, https://goo.gl/fbAQLP

exports[`<YotpoWidget /> should not render if there is product props 1`] = `
<YotpoScript
  config={
    Object {
      "yotpoAppKey": null,
    }
  }
  product={null}
  productId="2"
/>
`;

exports[`<YotpoWidget /> should render yotpo divs when a product is passed 1`] = `
<YotpoScript
  config={
    Object {
      "yotpoAppKey": null,
    }
  }
  product={
    Object {
      "featuredImageUrl": "www.123456.com",
      "name": "item",
      "productUrl": "wwww.123.com",
    }
  }
  productId="2"
>
  <div>
    <div
      className="yotpo bottomLine css-1gv7y8"
      data-appkey="null"
      data-description=""
      data-domain=""
      data-image-url="www.123456.com"
      data-name="item"
      data-product-id="2"
      data-url="wwww.123.com"
    />
    <div
      className="yotpo yotpo-main-widget css-12ctqp0 css-1gv7y8"
      data-description=""
      data-image-url="www.123456.com"
      data-name="item"
      data-product-id="2"
      data-url="wwww.123.com"
    />
  </div>
</YotpoScript>
`;
