// Jest Snapshot v1, https://goo.gl/fbAQLP

exports[`ProductInfoAfter should render 1`] = `
<Provider
  store={
    Object {
      "clearActions": [Function],
      "dispatch": [Function],
      "getActions": [Function],
      "getState": [Function],
      "replaceReducer": [Function],
      "subscribe": [Function],
    }
  }
>
  <Connect(ProductInfoAfter)
    productId="product_one"
  >
    <ProductInfoAfter
      openPageExtern={[Function]}
      product={
        Object {
          "productId": "product_one",
        }
      }
      productId="product_one"
    />
  </Connect(ProductInfoAfter)>
</Provider>
`;
